// Jest Snapshot v1, https://goo.gl/fbAQLP

exports[`generate model 1`] = `
"import { PrismaClient } from \\"@prisma/client\\"
import { Prisma } from \\".prisma/client\\"
import faker from \\"faker\\"
const prisma = new PrismaClient()

export const userDefaultVariables = {
  email: faker.name.title()
}
type createUserArgs = RequiredParametersForUserCreation & Partial<Prisma.UserCreateArgs>

interface RequiredParametersForUserCreation {
  accessToken?: Prisma.AccessTokenCreateNestedOneWithoutUserInput
}

export async function createUser(args?: createUserArgs) {

  return await prisma.user.create({
    data: {
      ...userDefaultVariables,
      ...args.data,
    }
  })

}


export const accessTokenDefaultVariables = {}
type createAccessTokenArgs = RequiredParametersForAccessTokenCreation & Partial<Prisma.AccessTokenCreateArgs>

interface RequiredParametersForAccessTokenCreation {
  user: Prisma.UserCreateNestedOneWithoutAccessTokenInput
}

export async function createAccessToken(args?: createAccessTokenArgs) {

  return await prisma.accessToken.create({
    data: {
      ...accessTokenDefaultVariables,
      ...args.data,
    }
  })

}
"
`;
