// Jest Snapshot v1, https://goo.gl/fbAQLP

exports[`generate model 1`] = `
"import { PrismaClient } from \\"@prisma/client\\"
import { Prisma } from \\".prisma/client\\"
const prisma = new PrismaClient()

export const UserDefaultVariables = {
  id: faker.datatype.number(),
  email: faker.name.title(),
  createdAt: faker.datatype.datetime(),
  updatedAt: faker.datatype.datetime(),
  uuid: faker.name.title()
}

export async function createUser(args: Prisma.UserCreateArgs) {

  return await prisma.User.create({
    data: {
      ...UserDefaultVariables,
      ...args.data,
    }
  })

}


export const AccessTokenDefaultVariables = {
  id: faker.datatype.number(),
  userId: faker.datatype.number(),
  createdAt: faker.datatype.datetime(),
  paidAmount: faker.datatype.number(),
  isActive: false
}

export async function createAccessToken(args: Prisma.AccessTokenCreateArgs) {

  return await prisma.AccessToken.create({
    data: {
      ...AccessTokenDefaultVariables,
      ...args.data,
    }
  })

}
"
`;
